"no implicit conversion of Hash into Array"
"no implicit conversion of String into Array"
"no implicit conversion of Range into Array"
"no implicit conversion of Integer into Array"
"no implicit conversion of nil into Array"
"no implicit conversion of Hash into Array"
"no implicit conversion of Integer into Array"
TypeError
TypeError
TypeError
[1, 2, 3]
[1, 2, "x"]
[2, 3]
[9]
"abcd"
[1, 2, 3, 4]
