6.5
9.0
(13/2)
1000000000000000000000000000006
[TypeError, "no implicit conversion of Integer into String"]
"xx"
[NoMethodError, "undefined method '+' for nil"]
[NoMethodError, "undefined method '+' for true"]
[NoMethodError, "undefined method '+' for false"]
[TypeError, "String can't be coerced into Integer"]
1.0e+30
[TypeError, "no implicit conversion of Float into String"]
6.5
1000000000000000000000000000006
[TypeError, "no implicit conversion of Integer into String"]
[NoMethodError, "undefined method '+' for false"]
[TypeError, "String can't be coerced into Integer"]
3.5
16
6.5
2.5
9.0
[NoMethodError, "undefined method '+' for an instance of Symbol"]
[NoMethodError, "undefined method '*' for nil"]
[NoMethodError, "undefined method '<<' for an instance of Float"]
$6
$6
16
4.0
0.5
