a a= values values_at dig to_a to_h members size length [] []= each each_pair each_with_index deconstruct deconstruct_keys select map sort_by min include? first zip class frozen? nil? no_such 
[true, true, true, true, true, true, true, true, true, true, true, true, true, true, true, true, true, true, true, true, true, true, true, true, true, true, true, false]
[true, true, true, true, true, true, true, true, true, true, true, true, true, true, true, true, true, true, true, true, true, true, true, true, true, true, true, false]
[true, true, true, true, false]
[false, true, true, false]
[false, true, true]
[false, true, true, true]
[true, true, true, true]
[:mine]
[true, true, true, true, true, false]
[true, true, true, true, true, false]
[true, true, true, true, true, false, false, false, false, false, false]
[true, true, true, true, true, false, false, false, false, false, false]
[true, true, false, true]
[false, true, false, false]
[false, false, true, true]
[false, false, false, false]
